
Memory Configuration

Name             Origin             Length             Attributes
flash            0x0000000000000000 0x0000000020000000 xr
sram             0x0000000020000000 0x0000000020000000 xrw
*default*        0x0000000000000000 0xffffffffffffffff

Linker script and memory map


.text           0x0000000000000000      0x17c
 *(.vectors*)
 .vectors       0x0000000000000000       0x1c Startup.o
                0x0000000000000000                g_p_fn_Vectors
 *(.text*)
 .text          0x000000000000001c       0xd4 main.o
                0x000000000000001c                InitalizeGPIOPortF
                0x0000000000000088                main
 .text          0x00000000000000f0       0x8c Startup.o
                0x00000000000000f0                MM_Fault_Handler
                0x00000000000000f0                Usage_Fault_Handler
                0x00000000000000f0                Bus_Fault
                0x00000000000000f0                Default_Handler
                0x00000000000000f0                H_fault_Handler
                0x00000000000000f0                NMI_Handler
                0x00000000000000fc                Reset_Handler
 *(.rodata)
                0x000000000000017c                _E_text = .

.glue_7         0x000000000000017c        0x0
 .glue_7        0x000000000000017c        0x0 linker stubs

.glue_7t        0x000000000000017c        0x0
 .glue_7t       0x000000000000017c        0x0 linker stubs

.vfp11_veneer   0x000000000000017c        0x0
 .vfp11_veneer  0x000000000000017c        0x0 linker stubs

.v4_bx          0x000000000000017c        0x0
 .v4_bx         0x000000000000017c        0x0 linker stubs

.iplt           0x000000000000017c        0x0
 .iplt          0x000000000000017c        0x0 main.o

.rel.dyn        0x000000000000017c        0x0
 .rel.iplt      0x000000000000017c        0x0 main.o

.data           0x0000000020000000        0x0 load address 0x000000000000017c
                0x0000000020000000                _S_DATA = .
 *(.data)
 .data          0x0000000020000000        0x0 main.o
 .data          0x0000000020000000        0x0 Startup.o
                0x0000000020000000                _E_DATA = .

.igot.plt       0x0000000020000000        0x0 load address 0x000000000000017c
 .igot.plt      0x0000000020000000        0x0 main.o

.bss            0x0000000020000000      0x404 load address 0x000000000000017c
                0x0000000020000000                _S_bss = .
 *(.bss*)
 .bss           0x0000000020000000        0x4 main.o
                0x0000000020000000                counter
 .bss           0x0000000020000004      0x400 Startup.o
                0x0000000020000404                . = ALIGN (0x4)
                0x0000000020000404                _E_bss = .
LOAD main.o
LOAD Startup.o
OUTPUT(unit3_lab4_cortexM4.elf elf32-littlearm)

.debug_info     0x0000000000000000      0x1f3
 .debug_info    0x0000000000000000       0x72 main.o
 .debug_info    0x0000000000000072      0x181 Startup.o

.debug_abbrev   0x0000000000000000      0x12d
 .debug_abbrev  0x0000000000000000       0x65 main.o
 .debug_abbrev  0x0000000000000065       0xc8 Startup.o

.debug_loc      0x0000000000000000       0xec
 .debug_loc     0x0000000000000000       0x70 main.o
 .debug_loc     0x0000000000000070       0x7c Startup.o

.debug_aranges  0x0000000000000000       0x40
 .debug_aranges
                0x0000000000000000       0x20 main.o
 .debug_aranges
                0x0000000000000020       0x20 Startup.o

.debug_line     0x0000000000000000       0xd0
 .debug_line    0x0000000000000000       0x67 main.o
 .debug_line    0x0000000000000067       0x69 Startup.o

.debug_str      0x0000000000000000      0x1b4
 .debug_str     0x0000000000000000       0xde main.o
 .debug_str     0x00000000000000de       0xd6 Startup.o
                                        0x1c1 (size before relaxing)

.comment        0x0000000000000000       0x7b
 .comment       0x0000000000000000       0x7b main.o
                                         0x7c (size before relaxing)
 .comment       0x000000000000007b       0x7c Startup.o

.ARM.attributes
                0x0000000000000000       0x33
 .ARM.attributes
                0x0000000000000000       0x33 main.o
 .ARM.attributes
                0x0000000000000033       0x33 Startup.o

.debug_frame    0x0000000000000000       0x9c
 .debug_frame   0x0000000000000000       0x4c main.o
 .debug_frame   0x000000000000004c       0x50 Startup.o
