
Allocating common symbols
Common symbol       size              file

uninitalized6       0x1               main.o
uninitalized5       0x1               main.o

Memory Configuration

Name             Origin             Length             Attributes
flash            0x0000000008000000 0x0000000000020000 xr
sram             0x0000000020000000 0x0000000000005000 xrw
*default*        0x0000000000000000 0xffffffffffffffff

Linker script and memory map


.text           0x0000000008000000      0x127
 *(.vectors*)
 .vectors       0x0000000008000000       0x1c Startup.o
                0x0000000008000000                vectors
 *(.text*)
 .text          0x000000000800001c       0x7c main.o
                0x000000000800001c                main
 .text          0x0000000008000098       0x8c Startup.o
                0x0000000008000098                MM_Fault_Handler
                0x0000000008000098                Bus_Fault
                0x0000000008000098                Default_Handler
                0x0000000008000098                H_fault_Handler
                0x0000000008000098                Usage_Fault_Handler
                0x0000000008000098                NMI_Handler
                0x00000000080000a4                Rest_Handler
 *(.rodata)
 .rodata        0x0000000008000124        0x3 main.o
                0x0000000008000124                const_variables
                0x0000000008000127                _E_text = .

.glue_7         0x0000000008000128        0x0
 .glue_7        0x0000000008000128        0x0 linker stubs

.glue_7t        0x0000000008000128        0x0
 .glue_7t       0x0000000008000128        0x0 linker stubs

.vfp11_veneer   0x0000000008000128        0x0
 .vfp11_veneer  0x0000000008000128        0x0 linker stubs

.v4_bx          0x0000000008000128        0x0
 .v4_bx         0x0000000008000128        0x0 linker stubs

.iplt           0x0000000008000128        0x0
 .iplt          0x0000000008000128        0x0 main.o

.rel.dyn        0x0000000008000128        0x0
 .rel.iplt      0x0000000008000128        0x0 main.o

.data           0x0000000020000000        0x9 load address 0x0000000008000127
                0x0000000020000000                _S_DATA = .
 *(.data)
 .data          0x0000000020000000        0x9 main.o
                0x0000000020000000                R_ODR
                0x0000000020000004                g_variables
                0x0000000020000007                uninitalized1
 .data          0x0000000020000009        0x0 Startup.o
                0x0000000020000009                _E_DATA = .

.igot.plt       0x000000002000000c        0x0 load address 0x0000000008000130
 .igot.plt      0x000000002000000c        0x0 main.o

.bss            0x0000000020000009     0x1005 load address 0x0000000008000130
                0x0000000020000009                _S_bss = .
 *(.bss*)
 .bss           0x0000000020000009        0x2 main.o
 .bss           0x000000002000000b        0x0 Startup.o
                0x000000002000000c                . = ALIGN (0x4)
 *fill*         0x000000002000000b        0x1 
                0x000000002000000c                _E_bss = .
                0x000000002000000c                . = ALIGN (0x4)
                0x000000002000100c                . = (. + 0x1000)
 *fill*         0x000000002000000c     0x1000 
                0x000000002000100c                _stack_top = .
 COMMON         0x000000002000100c        0x2 main.o
                0x000000002000100c                uninitalized6
                0x000000002000100d                uninitalized5
LOAD main.o
LOAD Startup.o
OUTPUT(blink-led-with-startup-C.elf elf32-littlearm)

.debug_info     0x0000000000000000      0x355
 .debug_info    0x0000000000000000      0x1e9 main.o
 .debug_info    0x00000000000001e9      0x16c Startup.o

.debug_abbrev   0x0000000000000000      0x1b4
 .debug_abbrev  0x0000000000000000       0xf2 main.o
 .debug_abbrev  0x00000000000000f2       0xc2 Startup.o

.debug_loc      0x0000000000000000       0xb4
 .debug_loc     0x0000000000000000       0x38 main.o
 .debug_loc     0x0000000000000038       0x7c Startup.o

.debug_aranges  0x0000000000000000       0x40
 .debug_aranges
                0x0000000000000000       0x20 main.o
 .debug_aranges
                0x0000000000000020       0x20 Startup.o

.debug_line     0x0000000000000000      0x2dd
 .debug_line    0x0000000000000000      0x165 main.o
 .debug_line    0x0000000000000165      0x178 Startup.o

.debug_str      0x0000000000000000      0x241
 .debug_str     0x0000000000000000      0x1c2 main.o
                                        0x204 (size before relaxing)
 .debug_str     0x00000000000001c2       0x7f Startup.o
                                        0x1d1 (size before relaxing)

.comment        0x0000000000000000       0x7b
 .comment       0x0000000000000000       0x7b main.o
                                         0x7c (size before relaxing)
 .comment       0x000000000000007b       0x7c Startup.o

.ARM.attributes
                0x0000000000000000       0x33
 .ARM.attributes
                0x0000000000000000       0x33 main.o
 .ARM.attributes
                0x0000000000000033       0x33 Startup.o

.debug_frame    0x0000000000000000       0x7c
 .debug_frame   0x0000000000000000       0x2c main.o
 .debug_frame   0x000000000000002c       0x50 Startup.o
