
Allocating common symbols
Common symbol       size              file

PSD_SensorValue     0x4               PressureSensor_Driver.o

Memory Configuration

Name             Origin             Length             Attributes
flash            0x0000000008000000 0x0000000000020000 xr
sram             0x0000000020000000 0x0000000000005000 xrw
*default*        0x0000000000000000 0xffffffffffffffff

Linker script and memory map


.text           0x0000000008000000      0x454
 *(.vectors*)
 .vectors       0x0000000008000000       0x1c Startup.o
                0x0000000008000000                vectors
 *(.text*)
 .text          0x000000000800001c       0x5c Alarm_Manager.o
                0x000000000800001c                set_pressure_val
                0x0000000008000038                ST_AMA_HighPressureDetect
 .text          0x0000000008000078       0xf4 AlarmActuator_Driver.o
                0x0000000008000078                StopAlarm
                0x0000000008000094                StartAlarm
                0x00000000080000b0                ST_AAD_init
                0x00000000080000d4                ST_AAD_waiting
                0x00000000080000ec                ST_AAD_AlarmOff
                0x000000000800012c                ST_AAD_AlarmOn
 .text          0x000000000800016c       0xb4 AlarmMonitor.o
                0x000000000800016c                HighPressure_detected
                0x0000000008000184                HighPressure_Notdetected
                0x000000000800019c                ST_AMO_alarmOff
                0x00000000080001d0                ST_AMO_alarmOn
                0x00000000080001f4                ST_AMO_waiting
 .text          0x0000000008000220       0xc4 driver.o
                0x0000000008000220                Delay
                0x0000000008000240                getPressureVal
                0x0000000008000258                Set_Alarm_actuator
                0x0000000008000294                GPIO_INITIALIZATION
 .text          0x00000000080002e4       0x38 main.o
                0x00000000080002e4                main
 .text          0x000000000800031c       0xac PressureSensor_Driver.o
                0x000000000800031c                ST_PSD_init
                0x0000000008000340                ST_PSD_reading
                0x000000000800037c                ST_PSD_waiting
 .text          0x00000000080003c8       0x8c Startup.o
                0x00000000080003c8                MM_Fault_Handler
                0x00000000080003c8                Bus_Fault
                0x00000000080003c8                Default_Handler
                0x00000000080003c8                H_fault_Handler
                0x00000000080003c8                Usage_Fault_Handler
                0x00000000080003c8                NMI_Handler
                0x00000000080003d4                Rest_Handler
 *(.rodata)
                0x0000000008000454                _E_text = .

.glue_7         0x0000000008000454        0x0
 .glue_7        0x0000000008000454        0x0 linker stubs

.glue_7t        0x0000000008000454        0x0
 .glue_7t       0x0000000008000454        0x0 linker stubs

.vfp11_veneer   0x0000000008000454        0x0
 .vfp11_veneer  0x0000000008000454        0x0 linker stubs

.v4_bx          0x0000000008000454        0x0
 .v4_bx         0x0000000008000454        0x0 linker stubs

.iplt           0x0000000008000454        0x0
 .iplt          0x0000000008000454        0x0 Alarm_Manager.o

.rel.dyn        0x0000000008000454        0x0
 .rel.iplt      0x0000000008000454        0x0 Alarm_Manager.o

.data           0x0000000020000000       0x1c load address 0x0000000008000454
                0x0000000020000000                _S_DATA = .
 *(.data)
 .data          0x0000000020000000        0x8 Alarm_Manager.o
                0x0000000020000000                threshold
                0x0000000020000004                AMA_state
 .data          0x0000000020000008        0x4 AlarmActuator_Driver.o
                0x0000000020000008                AAD_state
 .data          0x000000002000000c        0x8 AlarmMonitor.o
                0x000000002000000c                AMO_state
                0x0000000020000010                alarm_periode
 .data          0x0000000020000014        0x0 driver.o
 .data          0x0000000020000014        0x0 main.o
 .data          0x0000000020000014        0x8 PressureSensor_Driver.o
                0x0000000020000014                waitingValue
                0x0000000020000018                PSD_state
 .data          0x000000002000001c        0x0 Startup.o
                0x000000002000001c                _E_DATA = .

.igot.plt       0x000000002000001c        0x0 load address 0x0000000008000470
 .igot.plt      0x000000002000001c        0x0 Alarm_Manager.o

.bss            0x000000002000001c     0x1024 load address 0x0000000008000470
                0x000000002000001c                _S_bss = .
 *(.bss*)
 .bss           0x000000002000001c        0x5 Alarm_Manager.o
                0x000000002000001c                AMA_SensorValue
                0x0000000020000020                AMA_state_id
 *fill*         0x0000000020000021        0x3 
 .bss           0x0000000020000024        0x8 AlarmActuator_Driver.o
                0x0000000020000024                AAD_state_id
                0x0000000020000028                AAD_AlarmState
 .bss           0x000000002000002c        0x8 AlarmMonitor.o
                0x000000002000002c                AMO_state_id
                0x0000000020000030                AMO_isHighPressureDetected
 .bss           0x0000000020000034        0x0 driver.o
 .bss           0x0000000020000034        0x0 main.o
 .bss           0x0000000020000034        0x8 PressureSensor_Driver.o
                0x0000000020000034                PSD_state_id
                0x0000000020000038                PSD_waitingCounter
 .bss           0x000000002000003c        0x0 Startup.o
                0x000000002000003c                . = ALIGN (0x4)
                0x000000002000003c                _E_bss = .
                0x000000002000003c                . = ALIGN (0x4)
                0x000000002000103c                . = (. + 0x1000)
 *fill*         0x000000002000003c     0x1000 
                0x000000002000103c                _stack_top = .
 COMMON         0x000000002000103c        0x4 PressureSensor_Driver.o
                0x000000002000103c                PSD_SensorValue
LOAD Alarm_Manager.o
LOAD AlarmActuator_Driver.o
LOAD AlarmMonitor.o
LOAD driver.o
LOAD main.o
LOAD PressureSensor_Driver.o
LOAD Startup.o
OUTPUT(Pressure_Detection.elf elf32-littlearm)

.debug_info     0x0000000000000000     0x3561
 .debug_info    0x0000000000000000       0xf1 Alarm_Manager.o
 .debug_info    0x00000000000000f1      0xa6f AlarmActuator_Driver.o
 .debug_info    0x0000000000000b60      0xa73 AlarmMonitor.o
 .debug_info    0x00000000000015d3      0xa05 driver.o
 .debug_info    0x0000000000001fd8      0x9cf main.o
 .debug_info    0x00000000000029a7      0xa4e PressureSensor_Driver.o
 .debug_info    0x00000000000033f5      0x16c Startup.o

.debug_abbrev   0x0000000000000000      0xaaa
 .debug_abbrev  0x0000000000000000       0xd2 Alarm_Manager.o
 .debug_abbrev  0x00000000000000d2      0x1e1 AlarmActuator_Driver.o
 .debug_abbrev  0x00000000000002b3      0x1e1 AlarmMonitor.o
 .debug_abbrev  0x0000000000000494      0x1de driver.o
 .debug_abbrev  0x0000000000000672      0x195 main.o
 .debug_abbrev  0x0000000000000807      0x1e1 PressureSensor_Driver.o
 .debug_abbrev  0x00000000000009e8       0xc2 Startup.o

.debug_loc      0x0000000000000000      0x598
 .debug_loc     0x0000000000000000       0x88 Alarm_Manager.o
 .debug_loc     0x0000000000000088      0x168 AlarmActuator_Driver.o
 .debug_loc     0x00000000000001f0      0x10c AlarmMonitor.o
 .debug_loc     0x00000000000002fc      0x140 driver.o
 .debug_loc     0x000000000000043c       0x2c main.o
 .debug_loc     0x0000000000000468       0xb4 PressureSensor_Driver.o
 .debug_loc     0x000000000000051c       0x7c Startup.o

.debug_aranges  0x0000000000000000       0xe0
 .debug_aranges
                0x0000000000000000       0x20 Alarm_Manager.o
 .debug_aranges
                0x0000000000000020       0x20 AlarmActuator_Driver.o
 .debug_aranges
                0x0000000000000040       0x20 AlarmMonitor.o
 .debug_aranges
                0x0000000000000060       0x20 driver.o
 .debug_aranges
                0x0000000000000080       0x20 main.o
 .debug_aranges
                0x00000000000000a0       0x20 PressureSensor_Driver.o
 .debug_aranges
                0x00000000000000c0       0x20 Startup.o

.debug_line     0x0000000000000000      0xa7d
 .debug_line    0x0000000000000000       0x5b Alarm_Manager.o
 .debug_line    0x000000000000005b      0x199 AlarmActuator_Driver.o
 .debug_line    0x00000000000001f4      0x1a1 AlarmMonitor.o
 .debug_line    0x0000000000000395      0x210 driver.o
 .debug_line    0x00000000000005a5      0x1cc main.o
 .debug_line    0x0000000000000771      0x194 PressureSensor_Driver.o
 .debug_line    0x0000000000000905      0x178 Startup.o

.debug_str      0x0000000000000000      0x81e
 .debug_str     0x0000000000000000      0x152 Alarm_Manager.o
                                        0x17c (size before relaxing)
 .debug_str     0x0000000000000152      0x49d AlarmActuator_Driver.o
                                        0x603 (size before relaxing)
 .debug_str     0x00000000000005ef       0xb8 AlarmMonitor.o
                                        0x624 (size before relaxing)
 .debug_str     0x00000000000006a7       0x57 driver.o
                                        0x59d (size before relaxing)
 .debug_str     0x00000000000006fe       0x16 main.o
                                        0x571 (size before relaxing)
 .debug_str     0x0000000000000714       0x8b PressureSensor_Driver.o
                                        0x5f3 (size before relaxing)
 .debug_str     0x000000000000079f       0x7f Startup.o
                                        0x1e3 (size before relaxing)

.comment        0x0000000000000000       0x7b
 .comment       0x0000000000000000       0x7b Alarm_Manager.o
                                         0x7c (size before relaxing)
 .comment       0x000000000000007b       0x7c AlarmActuator_Driver.o
 .comment       0x000000000000007b       0x7c AlarmMonitor.o
 .comment       0x000000000000007b       0x7c driver.o
 .comment       0x000000000000007b       0x7c main.o
 .comment       0x000000000000007b       0x7c PressureSensor_Driver.o
 .comment       0x000000000000007b       0x7c Startup.o

.ARM.attributes
                0x0000000000000000       0x33
 .ARM.attributes
                0x0000000000000000       0x33 Alarm_Manager.o
 .ARM.attributes
                0x0000000000000033       0x33 AlarmActuator_Driver.o
 .ARM.attributes
                0x0000000000000066       0x33 AlarmMonitor.o
 .ARM.attributes
                0x0000000000000099       0x33 driver.o
 .ARM.attributes
                0x00000000000000cc       0x33 main.o
 .ARM.attributes
                0x00000000000000ff       0x33 PressureSensor_Driver.o
 .ARM.attributes
                0x0000000000000132       0x33 Startup.o

.debug_frame    0x0000000000000000      0x348
 .debug_frame   0x0000000000000000       0x54 Alarm_Manager.o
 .debug_frame   0x0000000000000054       0xc8 AlarmActuator_Driver.o
 .debug_frame   0x000000000000011c       0xa4 AlarmMonitor.o
 .debug_frame   0x00000000000001c0       0xa0 driver.o
 .debug_frame   0x0000000000000260       0x2c main.o
 .debug_frame   0x000000000000028c       0x6c PressureSensor_Driver.o
 .debug_frame   0x00000000000002f8       0x50 Startup.o
